<html>
<body>
<pre>
<h1>µVision Build Log</h1>
<h2>Tool Versions:</h2>
IDE-Version: µVision V5.33.0.0
Copyright (C) 2020 ARM Ltd and ARM Germany GmbH. All rights reserved.
License Information: Farand Systems, Farand Systems, LIC=RC93N-YH89P-HLFCL-0XWY7-ZTP54-KK3S0
 
Tool Versions:
Toolchain:       MDK-ARM Plus  Version: 5.33.0.0
Toolchain Path:  C:\Keil_v5\ARM\ARMCC\Bin
C Compiler:      Armcc.exe V5.06 update 7 (build 960)
Assembler:       Armasm.exe V5.06 update 7 (build 960)
Linker/Locator:  ArmLink.exe V5.06 update 7 (build 960)
Library Manager: ArmAr.exe V5.06 update 7 (build 960)
Hex Converter:   FromElf.exe V5.06 update 7 (build 960)
CPU DLL:         SARMCM3.DLL V5.33.0.0
Dialog DLL:      DCM.DLL V1.17.3.0
Target DLL:      STLink\ST-LINKIII-KEIL_SWO.dll V3.0.8.0
Dialog DLL:      TCM.DLL V1.48.0.0
 
<h2>Project:</h2>
\\10.1.1.70\f\GeoLab\X - Precitest\Microcontroller\PreciTest PT-012 Concrete Resistivity Meter\MDK-ARM\STM32F746G_DISCO.uvprojx
Project File Date:  09/21/2025

<h2>Output:</h2>
*** Using Compiler 'V5.06 update 7 (build 960)', folder: 'C:\Keil_v5\ARM\ARMCC\Bin'
Build target 'STM32F746G_DISCO'
compiling Main_ScreenView.cpp...
../touchgfx/gui/include/gui/common/FrontendApplication.hpp(11): warning:  #611-D: overloaded virtual function "touchgfx::Application::draw"  is only partially overridden in class "FrontendApplication" 
  class FrontendApplication : public FrontendApplicationBase
../Core/Inc/bootloader_entry.h(14): warning:  #1-D: last line of file ends without a newline
  #endif
../touchgfx/gui/src/main_screen_screen/main_screenview.cpp: 2 warnings, 0 errors
linking...
Program Size: Code=125316 RO-data=460160 RW-data=1288 ZI-data=191640  
FromELF: creating hex file...
"STM32F746G_DISCO\STM32F746G_DISCO.axf" - 0 Error(s), 2 Warning(s).

<h2>Software Packages used:</h2>

Package Vendor: ARM
                http://www.keil.com/pack/ARM.CMSIS.5.7.0.pack
                ARM.CMSIS.5.7.0
                CMSIS (Cortex Microcontroller Software Interface Standard)
   * Component: CORE Version: 5.4.0

Package Vendor: Keil
                http://www.keil.com/pack/Keil.STM32F7xx_DFP.2.14.0.pack
                Keil.STM32F7xx_DFP.2.14.0
                STMicroelectronics STM32F7 Series Device Support, Drivers and Examples

<h2>Collection of Component include folders:</h2>
  .\RTE\_STM32F746G_DISCO
  C:\Users\TIR\AppData\Local\Arm\Packs\ARM\CMSIS\5.7.0\CMSIS\Core\Include
  C:\Users\TIR\AppData\Local\Arm\Packs\Keil\STM32F7xx_DFP\2.14.0\Drivers\CMSIS\Device\ST\STM32F7xx\Include

<h2>Collection of Component Files used:</h2>

   * Component: ARM::CMSIS:CORE:5.4.0
Build Time Elapsed:  00:00:42
</pre>
</body>
</html>
