<html>
<body>
<pre>
<h1>µVision Build Log</h1>
<h2>Tool Versions:</h2>
IDE-Version: µVision V5.33.0.0
Copyright (C) 2020 ARM Ltd and ARM Germany GmbH. All rights reserved.
License Information: Farand Peymayesh, a, LIC=SDA0P-MGKYZ-HL6CL-0RDAE-PH1E7-KM8RG
 
Tool Versions:
Toolchain:       MDK-ARM Plus  Version: 5.33.0.0
Toolchain Path:  C:\Keil_v5\ARM\ARMCC\Bin
C Compiler:      Armcc.exe V5.06 update 7 (build 960)
Assembler:       Armasm.exe V5.06 update 7 (build 960)
Linker/Locator:  ArmLink.exe V5.06 update 7 (build 960)
Library Manager: ArmAr.exe V5.06 update 7 (build 960)
Hex Converter:   FromElf.exe V5.06 update 7 (build 960)
CPU DLL:         SARMCM3.DLL V5.33.0.0
Dialog DLL:      DCM.DLL V1.17.3.0
Target DLL:      STLink\ST-LINKIII-KEIL_SWO.dll V3.0.8.0
Dialog DLL:      TCM.DLL V1.48.0.0
 
<h2>Project:</h2>
G:\Wenner_and_Concrete_Portrait_Touch_GFX_Milad\MDK-ARM\STM32F746G_DISCO.uvprojx
Project File Date:  08/17/2025

<h2>Output:</h2>
*** Using Compiler 'V5.06 update 7 (build 960)', folder: 'C:\Keil_v5\ARM\ARMCC\Bin'
Build target 'STM32F746G_DISCO'
compiling ProcessData.c...
..\Core\Src\ProcessData.c(551): warning:  #1035-D: single-precision operand implicitly converted to double-precision
  		resistance_Fast = 0.0001f * (CON_LOW_L1_G * average_Amplitude_Temp_Corrected  + CON_LOW_L1_O);
..\Core\Src\ProcessData.c(556): warning:  #1035-D: single-precision operand implicitly converted to double-precision
  		resistance_Fast = 0.0001f * (CON_LOW_L2_G * average_Amplitude_Temp_Corrected  + CON_LOW_L2_O);
..\Core\Src\ProcessData.c(561): warning:  #1035-D: single-precision operand implicitly converted to double-precision
  		resistance_Fast = 0.0001f * (CON_LOW_L3_G * average_Amplitude_Temp_Corrected  + CON_LOW_L3_O);
..\Core\Src\ProcessData.c(566): warning:  #1035-D: single-precision operand implicitly converted to double-precision
  		resistance_Fast = 0.0001f * (CON_LOW_L4_G * average_Amplitude_Temp_Corrected  + CON_LOW_L4_O);
..\Core\Src\ProcessData.c(580): warning:  #1035-D: single-precision operand implicitly converted to double-precision
  		resistance_Fast = 0.01f * (CON_HIGH_L1_G * average_Amplitude_Temp_Corrected  + CON_HIGH_L1_O);
..\Core\Src\ProcessData.c(585): warning:  #1035-D: single-precision operand implicitly converted to double-precision
  		resistance_Fast = 0.01f * (CON_HIGH_L2_G * average_Amplitude_Temp_Corrected  + CON_HIGH_L2_O);
..\Core\Src\ProcessData.c(590): warning:  #1035-D: single-precision operand implicitly converted to double-precision
  		resistance_Fast = 0.01f * (CON_HIGH_L3_G * average_Amplitude_Temp_Corrected  + CON_HIGH_L3_O);
..\Core\Src\ProcessData.c(595): warning:  #1035-D: single-precision operand implicitly converted to double-precision
  		resistance_Fast = 0.01f * (CON_HIGH_L4_G * average_Amplitude_Temp_Corrected  + CON_HIGH_L4_O);
..\Core\Src\ProcessData.c(890): warning:  #1035-D: single-precision operand implicitly converted to double-precision
  	if (average_Amplitude_Temp_Corrected > 3e6)
..\Core\Src\ProcessData.c: 9 warnings, 0 errors
linking...
Program Size: Code=124764 RO-data=460156 RW-data=1300 ZI-data=181588  
FromELF: creating hex file...
"STM32F746G_DISCO\STM32F746G_DISCO.axf" - 0 Error(s), 9 Warning(s).

<h2>Software Packages used:</h2>

Package Vendor: ARM
                https://www.keil.com/pack/ARM.CMSIS.6.2.0.pack
                ARM.CMSIS.6.2.0
                CMSIS (Common Microcontroller Software Interface Standard)
   * Component: CORE Version: 6.1.1

Package Vendor: Keil
                https://www.keil.com/pack/Keil.STM32F7xx_DFP.3.1.1.pack
                Keil.STM32F7xx_DFP.3.1.1
                STMicroelectronics STM32F7 Series Device Support

<h2>Collection of Component include folders:</h2>
  .\RTE\_STM32F746G_DISCO
  C:\Users\em\AppData\Local\Arm\Packs\ARM\CMSIS\6.2.0\CMSIS\Core\Include

<h2>Collection of Component Files used:</h2>

   * Component: ARM::CMSIS:CORE:6.1.1
Build Time Elapsed:  00:00:04
</pre>
</body>
</html>
